# Starting script fastqc.sh
Mon Dec 15 04:05:50 PM EST 2025
# Input FASTQ file:   raw_data_12_11_2025/639A0_S81_L001_R2_001.fastq.gz
# Output dir:         results/fastqc

application/gzip
Started analysis of 639A0_S81_L001_R2_001.fastq.gz
Approx 5% complete for 639A0_S81_L001_R2_001.fastq.gz
Approx 10% complete for 639A0_S81_L001_R2_001.fastq.gz
Approx 15% complete for 639A0_S81_L001_R2_001.fastq.gz
Approx 20% complete for 639A0_S81_L001_R2_001.fastq.gz
Approx 25% complete for 639A0_S81_L001_R2_001.fastq.gz
Approx 30% complete for 639A0_S81_L001_R2_001.fastq.gz
Approx 35% complete for 639A0_S81_L001_R2_001.fastq.gz
Approx 40% complete for 639A0_S81_L001_R2_001.fastq.gz
Approx 45% complete for 639A0_S81_L001_R2_001.fastq.gz
Approx 50% complete for 639A0_S81_L001_R2_001.fastq.gz
Approx 55% complete for 639A0_S81_L001_R2_001.fastq.gz
Approx 60% complete for 639A0_S81_L001_R2_001.fastq.gz
Approx 65% complete for 639A0_S81_L001_R2_001.fastq.gz
Approx 70% complete for 639A0_S81_L001_R2_001.fastq.gz
Approx 75% complete for 639A0_S81_L001_R2_001.fastq.gz
Approx 80% complete for 639A0_S81_L001_R2_001.fastq.gz
Approx 85% complete for 639A0_S81_L001_R2_001.fastq.gz
Approx 90% complete for 639A0_S81_L001_R2_001.fastq.gz
Approx 95% complete for 639A0_S81_L001_R2_001.fastq.gz
Analysis complete for 639A0_S81_L001_R2_001.fastq.gz

# Used FastQC version:
FastQC v0.12.1

# Successfully finished script fastqc.sh
Mon Dec 15 04:05:52 PM EST 2025
