Input files: raw_data/504A0_S1_L001_R1_001.fastq.gz raw_data/504A0_S1_L001_R2_001.fastq.gz
This is cutadapt 5.1 with Python 3.12.11
Command line parameters: -a CCTACGGGNGGCWGCAG...GATACCCBDGTAGTC -A GACTACHVGGGTATC...CTGCWGCCNCCCGTAGG --trimmed-only --cores 8 --output results/cutadapt/504A0_S1_L001_R1_001.fastq.gz --paired-output results/cutadapt/504A0_S1_L001_R2_001.fastq.gz raw_data/504A0_S1_L001_R1_001.fastq.gz raw_data/504A0_S1_L001_R2_001.fastq.gz
Processing paired-end reads on 8 cores ...

=== Summary ===

Total read pairs processed:             45,655
  Read 1 with adapter:                  45,400 (99.4%)
  Read 2 with adapter:                  44,677 (97.9%)

== Read fate breakdown ==
Pairs discarded as untrimmed:            1,208 (2.6%)
Pairs written (passing filters):        44,447 (97.4%)

Total basepairs processed:    27,410,554 bp
  Read 1:    13,717,648 bp
  Read 2:    13,692,906 bp
Total written (filtered):     24,163,484 bp (88.2%)
  Read 1:    12,291,584 bp
  Read 2:    11,871,900 bp

=== First read: Adapter 1 ===

Sequence: CCTACGGGNGGCWGCAG...GATACCCBDGTAGTC; Type: linked; Length: 17+15; 5' trimmed: 45399 times; 3' trimmed: 169 times

Minimum overlap: 3+3
No. of allowed errors:
1-9 bp: 0; 10-16 bp: 1

No. of allowed errors:
1-9 bp: 0; 10-15 bp: 1

Overview of removed sequences at 5' end
length	count	expect	max.err	error counts
17	1	0.0	1	1
18	2	0.0	1	1 1
20	5	0.0	1	3 2
21	17	0.0	1	6 11
22	99	0.0	1	17 82
23	2469	0.0	1	1044 1425
24	42408	0.0	1	41939 469
25	280	0.0	1	219 61
26	5	0.0	1	3 2
27	89	0.0	1	88 1
28	1	0.0	1	1
31	22	0.0	1	20 2
146	1	0.0	1	1



Overview of removed sequences at 3' end
length	count	expect	max.err	error counts
3	159	713.4	0	159
4	3	178.3	0	3
11	4	0.0	1	4
14	2	0.0	1	2
31	1	0.0	1	1


=== Second read: Adapter 2 ===

Sequence: GACTACHVGGGTATC...CTGCWGCCNCCCGTAGG; Type: linked; Length: 15+17; 5' trimmed: 44423 times; 3' trimmed: 28429 times

Minimum overlap: 3+3
No. of allowed errors:
1-9 bp: 0; 10-15 bp: 1

No. of allowed errors:
1-9 bp: 0; 10-16 bp: 1

Overview of removed sequences at 5' end
length	count	expect	max.err	error counts
3	4	713.4	0	4
4	2	178.3	0	2
14	1	0.0	1	1
17	2	0.0	1	2
18	3	0.0	1	1 2
19	1	0.0	1	1
20	1	0.0	1	1
21	1	0.0	1	1
22	4	0.0	1	3 1
23	5	0.0	1	5
24	6	0.0	1	4 2
25	34	0.0	1	29 5
26	11	0.0	1	7 4
27	13	0.0	1	12 1
28	69	0.0	1	40 29
29	219	0.0	1	109 110
30	2329	0.0	1	1099 1230
31	41659	0.0	1	40715 944
32	57	0.0	1	46 11
33	1	0.0	1	1
71	1	0.0	1	0 1



Overview of removed sequences at 3' end
length	count	expect	max.err	error counts
3	23453	713.4	0	23453
4	3290	178.3	0	3290
5	116	44.6	0	116
6	1383	11.1	0	1383
7	142	2.8	0	142
8	1	0.7	0	1
9	7	0.2	0	7
12	1	0.0	1	0 1
24	1	0.0	1	1
27	1	0.0	1	0 1
103	29	0.0	1	25 4
104	1	0.0	1	1
123	1	0.0	1	1
127	1	0.0	1	1
132	1	0.0	1	1
188	1	0.0	1	1
Input files: raw_data/504A14_S2_L001_R1_001.fastq.gz raw_data/504A14_S2_L001_R2_001.fastq.gz
This is cutadapt 5.1 with Python 3.12.11
Command line parameters: -a CCTACGGGNGGCWGCAG...GATACCCBDGTAGTC -A GACTACHVGGGTATC...CTGCWGCCNCCCGTAGG --trimmed-only --cores 8 --output results/cutadapt/504A14_S2_L001_R1_001.fastq.gz --paired-output results/cutadapt/504A14_S2_L001_R2_001.fastq.gz raw_data/504A14_S2_L001_R1_001.fastq.gz raw_data/504A14_S2_L001_R2_001.fastq.gz
Processing paired-end reads on 8 cores ...

=== Summary ===

Total read pairs processed:             38,330
  Read 1 with adapter:                  38,107 (99.4%)
  Read 2 with adapter:                  37,558 (98.0%)

== Read fate breakdown ==
Pairs discarded as untrimmed:              977 (2.5%)
Pairs written (passing filters):        37,353 (97.5%)

Total basepairs processed:    23,015,704 bp
  Read 1:    11,519,517 bp
  Read 2:    11,496,187 bp
Total written (filtered):     20,306,810 bp (88.2%)
  Read 1:    10,332,126 bp
  Read 2:     9,974,684 bp

=== First read: Adapter 1 ===

Sequence: CCTACGGGNGGCWGCAG...GATACCCBDGTAGTC; Type: linked; Length: 17+15; 5' trimmed: 38105 times; 3' trimmed: 222 times

Minimum overlap: 3+3
No. of allowed errors:
1-9 bp: 0; 10-16 bp: 1

No. of allowed errors:
1-9 bp: 0; 10-15 bp: 1

Overview of removed sequences at 5' end
length	count	expect	max.err	error counts
7	1	2.3	0	1
13	2	0.0	1	2
15	2	0.0	1	2
17	2	0.0	1	1 1
18	3	0.0	1	3
19	2	0.0	1	1 1
20	6	0.0	1	4 2
21	11	0.0	1	4 7
22	97	0.0	1	21 76
23	2175	0.0	1	834 1341
24	35425	0.0	1	35039 386
25	275	0.0	1	218 57
26	9	0.0	1	6 3
27	85	0.0	1	84 1
30	1	0.0	1	1
31	9	0.0	1	9



Overview of removed sequences at 3' end
length	count	expect	max.err	error counts
3	208	598.9	0	208
4	2	149.7	0	2
11	8	0.0	1	8
12	1	0.0	1	1
28	2	0.0	1	2
31	1	0.0	1	1


=== Second read: Adapter 2 ===

Sequence: GACTACHVGGGTATC...CTGCWGCCNCCCGTAGG; Type: linked; Length: 15+17; 5' trimmed: 37381 times; 3' trimmed: 23958 times

Minimum overlap: 3+3
No. of allowed errors:
1-9 bp: 0; 10-15 bp: 1

No. of allowed errors:
1-9 bp: 0; 10-16 bp: 1

Overview of removed sequences at 5' end
length	count	expect	max.err	error counts
4	3	149.7	0	3
14	1	0.0	1	1
16	1	0.0	1	0 1
17	3	0.0	1	2 1
19	2	0.0	1	2
20	1	0.0	1	1
21	2	0.0	1	1 1
22	2	0.0	1	1 1
23	2	0.0	1	2
24	1	0.0	1	1
25	26	0.0	1	21 5
26	14	0.0	1	10 4
27	7	0.0	1	4 3
28	58	0.0	1	35 23
29	178	0.0	1	71 107
30	1957	0.0	1	914 1043
31	35063	0.0	1	34369 694
32	59	0.0	1	49 10
33	1	0.0	1	1



Overview of removed sequences at 3' end
length	count	expect	max.err	error counts
3	18664	598.9	0	18664
4	3987	149.7	0	3987
5	107	37.4	0	107
6	1026	9.4	0	1026
7	143	2.3	0	143
9	5	0.1	0	5
12	1	0.0	1	0 1
20	1	0.0	1	1
21	1	0.0	1	1
103	4	0.0	1	3 1
106	1	0.0	1	1
107	1	0.0	1	1
121	1	0.0	1	1
122	1	0.0	1	1
123	6	0.0	1	6
124	2	0.0	1	1 1
125	1	0.0	1	1
127	2	0.0	1	2
128	4	0.0	1	3 1
Input files: raw_data/504B0_S3_L001_R1_001.fastq.gz raw_data/504B0_S3_L001_R2_001.fastq.gz
This is cutadapt 5.1 with Python 3.12.11
Command line parameters: -a CCTACGGGNGGCWGCAG...GATACCCBDGTAGTC -A GACTACHVGGGTATC...CTGCWGCCNCCCGTAGG --trimmed-only --cores 8 --output results/cutadapt/504B0_S3_L001_R1_001.fastq.gz --paired-output results/cutadapt/504B0_S3_L001_R2_001.fastq.gz raw_data/504B0_S3_L001_R1_001.fastq.gz raw_data/504B0_S3_L001_R2_001.fastq.gz
Processing paired-end reads on 8 cores ...

=== Summary ===

Total read pairs processed:             38,819
  Read 1 with adapter:                  38,611 (99.5%)
  Read 2 with adapter:                  38,046 (98.0%)

== Read fate breakdown ==
Pairs discarded as untrimmed:              968 (2.5%)
Pairs written (passing filters):        37,851 (97.5%)

Total basepairs processed:    23,312,452 bp
  Read 1:    11,668,435 bp
  Read 2:    11,644,017 bp
Total written (filtered):     20,583,447 bp (88.3%)
  Read 1:    10,470,805 bp
  Read 2:    10,112,642 bp

=== First read: Adapter 1 ===

Sequence: CCTACGGGNGGCWGCAG...GATACCCBDGTAGTC; Type: linked; Length: 17+15; 5' trimmed: 38611 times; 3' trimmed: 111 times

Minimum overlap: 3+3
No. of allowed errors:
1-9 bp: 0; 10-16 bp: 1

No. of allowed errors:
1-9 bp: 0; 10-15 bp: 1

Overview of removed sequences at 5' end
length	count	expect	max.err	error counts
15	1	0.0	1	1
16	1	0.0	1	0 1
19	1	0.0	1	1
20	5	0.0	1	3 2
21	7	0.0	1	2 5
22	86	0.0	1	16 70
23	1879	0.0	1	740 1139
24	36295	0.0	1	35912 383
25	247	0.0	1	194 53
26	6	0.0	1	3 3
27	78	0.0	1	75 3
31	3	0.0	1	2 1
32	2	0.0	1	2



Overview of removed sequences at 3' end
length	count	expect	max.err	error counts
3	105	606.5	0	105
7	1	2.4	0	1
11	3	0.0	1	3
13	1	0.0	1	1
31	1	0.0	1	1


=== Second read: Adapter 2 ===

Sequence: GACTACHVGGGTATC...CTGCWGCCNCCCGTAGG; Type: linked; Length: 15+17; 5' trimmed: 37852 times; 3' trimmed: 23177 times

Minimum overlap: 3+3
No. of allowed errors:
1-9 bp: 0; 10-15 bp: 1

No. of allowed errors:
1-9 bp: 0; 10-16 bp: 1

Overview of removed sequences at 5' end
length	count	expect	max.err	error counts
4	2	151.6	0	2
16	1	0.0	1	0 1
19	1	0.0	1	0 1
22	5	0.0	1	4 1
23	2	0.0	1	2
24	4	0.0	1	4
25	13	0.0	1	11 2
26	11	0.0	1	9 2
27	11	0.0	1	6 5
28	56	0.0	1	40 16
29	182	0.0	1	71 111
30	1958	0.0	1	929 1029
31	35547	0.0	1	34780 767
32	58	0.0	1	47 11
33	1	0.0	1	1



Overview of removed sequences at 3' end
length	count	expect	max.err	error counts
3	18920	606.5	0	18920
4	2904	151.6	0	2904
5	105	37.9	0	105
6	1077	9.5	0	1077
7	134	2.4	0	134
8	2	0.6	0	2
9	9	0.1	0	9
12	1	0.0	1	0 1
24	2	0.0	1	1 1
102	1	0.0	1	1
103	21	0.0	1	17 4
107	1	0.0	1	0 1
Input files: raw_data/504B14_S4_L001_R1_001.fastq.gz raw_data/504B14_S4_L001_R2_001.fastq.gz
This is cutadapt 5.1 with Python 3.12.11
Command line parameters: -a CCTACGGGNGGCWGCAG...GATACCCBDGTAGTC -A GACTACHVGGGTATC...CTGCWGCCNCCCGTAGG --trimmed-only --cores 8 --output results/cutadapt/504B14_S4_L001_R1_001.fastq.gz --paired-output results/cutadapt/504B14_S4_L001_R2_001.fastq.gz raw_data/504B14_S4_L001_R1_001.fastq.gz raw_data/504B14_S4_L001_R2_001.fastq.gz
Processing paired-end reads on 8 cores ...

=== Summary ===

Total read pairs processed:             27,962
  Read 1 with adapter:                  27,791 (99.4%)
  Read 2 with adapter:                  27,353 (97.8%)

== Read fate breakdown ==
Pairs discarded as untrimmed:              761 (2.7%)
Pairs written (passing filters):        27,201 (97.3%)

Total basepairs processed:    16,789,571 bp
  Read 1:     8,402,538 bp
  Read 2:     8,387,033 bp
Total written (filtered):     14,793,564 bp (88.1%)
  Read 1:     7,523,353 bp
  Read 2:     7,270,211 bp

=== First read: Adapter 1 ===

Sequence: CCTACGGGNGGCWGCAG...GATACCCBDGTAGTC; Type: linked; Length: 17+15; 5' trimmed: 27788 times; 3' trimmed: 37 times

Minimum overlap: 3+3
No. of allowed errors:
1-9 bp: 0; 10-16 bp: 1

No. of allowed errors:
1-9 bp: 0; 10-15 bp: 1

Overview of removed sequences at 5' end
length	count	expect	max.err	error counts
18	2	0.0	1	2
19	3	0.0	1	3
20	5	0.0	1	4 1
21	14	0.0	1	7 7
22	49	0.0	1	5 44
23	1532	0.0	1	619 913
24	25933	0.0	1	25632 301
25	170	0.0	1	134 36
26	9	0.0	1	4 5
27	62	0.0	1	61 1
31	8	0.0	1	8
49	1	0.0	1	1



Overview of removed sequences at 3' end
length	count	expect	max.err	error counts
3	26	436.9	0	26
11	7	0.0	1	5 2
12	3	0.0	1	3
14	1	0.0	1	1


=== Second read: Adapter 2 ===

Sequence: GACTACHVGGGTATC...CTGCWGCCNCCCGTAGG; Type: linked; Length: 15+17; 5' trimmed: 27185 times; 3' trimmed: 16415 times

Minimum overlap: 3+3
No. of allowed errors:
1-9 bp: 0; 10-15 bp: 1

No. of allowed errors:
1-9 bp: 0; 10-16 bp: 1

Overview of removed sequences at 5' end
length	count	expect	max.err	error counts
3	3	436.9	0	3
4	4	109.2	0	4
8	1	0.4	0	1
18	1	0.0	1	0 1
19	2	0.0	1	2
20	1	0.0	1	1
22	3	0.0	1	3
23	5	0.0	1	5
24	4	0.0	1	3 1
25	25	0.0	1	20 5
26	10	0.0	1	7 3
27	8	0.0	1	6 2
28	37	0.0	1	25 12
29	122	0.0	1	44 78
30	1439	0.0	1	688 751
31	25482	0.0	1	24896 586
32	38	0.0	1	27 11



Overview of removed sequences at 3' end
length	count	expect	max.err	error counts
3	14464	436.9	0	14464
4	862	109.2	0	862
5	60	27.3	0	60
6	942	6.8	0	942
7	53	1.7	0	53
8	1	0.4	0	1
9	6	0.1	0	6
10	1	0.0	1	1
12	2	0.0	1	0 2
49	1	0.0	1	1
103	10	0.0	1	7 3
105	1	0.0	1	1
106	1	0.0	1	1
107	1	0.0	1	1
123	6	0.0	1	6
124	3	0.0	1	3
130	1	0.0	1	1
Done with script cutadapt.sh
Sun Nov 16 06:44:45 PM EST 2025
